// Jest Snapshot v1, https://goo.gl/fbAQLP

exports[`Chart should render a Chart component  1`] = `ReactWrapper {}`;

exports[`Chart should render a Chart component  2`] = `ReactWrapper {}`;

exports[`ChartJs should render a ChartJs component  1`] = `ReactWrapper {}`;
