// Jest Snapshot v1, https://goo.gl/fbAQLP

exports[`ChartJs should render a ChartJs component  1`] = `ReactWrapper {}`;
