// Jest Snapshot v1, https://goo.gl/fbAQLP

exports[`DeletionDialog should render a DeletionDialog component  1`] = `ReactWrapper {}`;
