// Jest Snapshot v1, https://goo.gl/fbAQLP

exports[`renders More component 1`] = `ReactWrapper {}`;
