// Jest Snapshot v1, https://goo.gl/fbAQLP

exports[`WeeklyTracker should render a WeeklyTracker component  1`] = `ReactWrapper {}`;
