// Jest Snapshot v1, https://goo.gl/fbAQLP

exports[`Survey should render a Survey component  1`] = `ReactWrapper {}`;
