// Jest Snapshot v1, https://goo.gl/fbAQLP

exports[`SurveyPage1 should render a SurveyPage1 component  1`] = `ReactWrapper {}`;
